Loading pytorch-gpu/py3/2.4.0
  Loading requirement: cuda/12.4.1 nccl/2.21.5-1-cuda cudnn/9.2.0.82-cuda
    gcc/11.4.1 openmpi/4.1.5-cuda intel-oneapi-mkl/2024.1 magma/2.8.0-cuda
    sox/14.4.2 hdf5/1.12.0-mpi-cuda libjpeg-turbo/2.1.3 ffmpeg/6.1.1
Note: switching to 'ed5b7ed0d6c325843e2883493a46ffa5772cbb23'.

You are in 'detached HEAD' state. You can look around, make experimental
changes and commit them, and you can discard any commits you make in this
state without impacting any branches by switching back to a branch.

If you want to create a new branch to retain commits you create, you may
do so (now or later) by using -c with the switch command. Example:

  git switch -c <new-branch-name>

Or undo this operation with:

  git switch -

Turn off this advice by setting config variable advice.detachedHead to false

HEAD is now at ed5b7ed auto-commit: 2025-05-21_11:32:57
W0521 11:34:09.160000 23411659074624 torch/distributed/run.py:779] 
W0521 11:34:09.160000 23411659074624 torch/distributed/run.py:779] *****************************************
W0521 11:34:09.160000 23411659074624 torch/distributed/run.py:779] Setting OMP_NUM_THREADS environment variable for each process to be 1 in default, to avoid your system being overloaded, please further tune the variable for optimal performance in your application as needed. 
W0521 11:34:09.160000 23411659074624 torch/distributed/run.py:779] *****************************************
[rank1]:[E521 14:47:52.195281226 ProcessGroupNCCL.cpp:607] [Rank 1] Watchdog caught collective operation timeout: WorkNCCL(SeqNum=101483, OpType=ALLREDUCE, NumelIn=287076, NumelOut=287076, Timeout(ms)=600000) ran for 600074 milliseconds before timing out.
[rank3]:[E521 14:47:52.202512966 ProcessGroupNCCL.cpp:607] [Rank 3] Watchdog caught collective operation timeout: WorkNCCL(SeqNum=101483, OpType=ALLREDUCE, NumelIn=287076, NumelOut=287076, Timeout(ms)=600000) ran for 600032 milliseconds before timing out.
[rank2]:[E521 14:47:52.249088604 ProcessGroupNCCL.cpp:607] [Rank 2] Watchdog caught collective operation timeout: WorkNCCL(SeqNum=101483, OpType=ALLREDUCE, NumelIn=287076, NumelOut=287076, Timeout(ms)=600000) ran for 600038 milliseconds before timing out.
[rank1]:[E521 14:47:52.249161503 ProcessGroupNCCL.cpp:1664] [PG 0 (default_pg) Rank 1] Exception (either an error or timeout) detected by watchdog at work: 101483, last enqueued NCCL work: 101484, last completed NCCL work: 101482.
[rank3]:[E521 14:47:52.249161986 ProcessGroupNCCL.cpp:1664] [PG 0 (default_pg) Rank 3] Exception (either an error or timeout) detected by watchdog at work: 101483, last enqueued NCCL work: 101484, last completed NCCL work: 101482.
[rank2]:[E521 14:47:52.249737735 ProcessGroupNCCL.cpp:1664] [PG 0 (default_pg) Rank 2] Exception (either an error or timeout) detected by watchdog at work: 101483, last enqueued NCCL work: 101484, last completed NCCL work: 101482.
[rank1]:[E521 14:47:53.910674948 ProcessGroupNCCL.cpp:1709] [PG 0 (default_pg) Rank 1] Timeout at NCCL work: 101483, last enqueued NCCL work: 101484, last completed NCCL work: 101482.
[rank1]:[E521 14:47:53.910732480 ProcessGroupNCCL.cpp:621] [Rank 1] Some NCCL operations have failed or timed out. Due to the asynchronous nature of CUDA kernels, subsequent GPU operations might run on corrupted/incomplete data.
[rank1]:[E521 14:47:53.910744654 ProcessGroupNCCL.cpp:627] [Rank 1] To avoid data inconsistency, we are taking the entire process down.
[rank3]:[E521 14:47:53.913180021 ProcessGroupNCCL.cpp:1709] [PG 0 (default_pg) Rank 3] Timeout at NCCL work: 101483, last enqueued NCCL work: 101484, last completed NCCL work: 101482.
[rank3]:[E521 14:47:53.913226501 ProcessGroupNCCL.cpp:621] [Rank 3] Some NCCL operations have failed or timed out. Due to the asynchronous nature of CUDA kernels, subsequent GPU operations might run on corrupted/incomplete data.
[rank3]:[E521 14:47:53.913239435 ProcessGroupNCCL.cpp:627] [Rank 3] To avoid data inconsistency, we are taking the entire process down.
[rank2]:[E521 14:47:53.914081036 ProcessGroupNCCL.cpp:1709] [PG 0 (default_pg) Rank 2] Timeout at NCCL work: 101483, last enqueued NCCL work: 101484, last completed NCCL work: 101482.
[rank2]:[E521 14:47:53.914151829 ProcessGroupNCCL.cpp:621] [Rank 2] Some NCCL operations have failed or timed out. Due to the asynchronous nature of CUDA kernels, subsequent GPU operations might run on corrupted/incomplete data.
[rank2]:[E521 14:47:53.914166626 ProcessGroupNCCL.cpp:627] [Rank 2] To avoid data inconsistency, we are taking the entire process down.
[rank3]:[E521 14:47:53.925835173 ProcessGroupNCCL.cpp:1515] [PG 0 (default_pg) Rank 3] Process group watchdog thread terminated with exception: [Rank 3] Watchdog caught collective operation timeout: WorkNCCL(SeqNum=101483, OpType=ALLREDUCE, NumelIn=287076, NumelOut=287076, Timeout(ms)=600000) ran for 600032 milliseconds before timing out.
Exception raised from checkTimeout at /lustre/fshomisc/sup/src/pub/anaconda-py3/2024.06/pytorch-gpu-2.4.0+py3.11.9+cuda-12.4/pytorch-2.4.0/torch/csrc/distributed/c10d/ProcessGroupNCCL.cpp:609 (most recent call first):
frame #0: c10::Error::Error(c10::SourceLocation, std::__cxx11::basic_string<char, std::char_traits<char>, std::allocator<char> >) + 0x98 (0x1548ddd4e538 in /lustre/fshomisc/sup/pub/anaconda-py3/h100/2024.06/envs/pytorch-gpu-2.4.0+py3.11.9/lib/python3.11/site-packages/torch/lib/libc10.so)
frame #1: <unknown function> + 0x1024d4e (0x1548dee78d4e in /lustre/fshomisc/sup/pub/anaconda-py3/h100/2024.06/envs/pytorch-gpu-2.4.0+py3.11.9/lib/python3.11/site-packages/torch/lib/libtorch_cuda.so)
frame #2: c10d::ProcessGroupNCCL::WorkNCCL::checkTimeout(std::optional<std::chrono::duration<long, std::ratio<1l, 1000l> > >) + 0x1da (0x1548dee46bda in /lustre/fshomisc/sup/pub/anaconda-py3/h100/2024.06/envs/pytorch-gpu-2.4.0+py3.11.9/lib/python3.11/site-packages/torch/lib/libtorch_cuda.so)
frame #3: c10d::ProcessGroupNCCL::watchdogHandler() + 0x1fb (0x1548dee5004b in /lustre/fshomisc/sup/pub/anaconda-py3/h100/2024.06/envs/pytorch-gpu-2.4.0+py3.11.9/lib/python3.11/site-packages/torch/lib/libtorch_cuda.so)
frame #4: c10d::ProcessGroupNCCL::ncclCommWatchdog() + 0x10a (0x1548dee51d0a in /lustre/fshomisc/sup/pub/anaconda-py3/h100/2024.06/envs/pytorch-gpu-2.4.0+py3.11.9/lib/python3.11/site-packages/torch/lib/libtorch_cuda.so)
frame #5: <unknown function> + 0xdbbf4 (0x1548f7b5cbf4 in /lustre/fshomisc/sup/pub/anaconda-py3/h100/2024.06/envs/pytorch-gpu-2.4.0+py3.11.9/bin/../lib/libstdc++.so.6)
frame #6: <unknown function> + 0x89c02 (0x154904289c02 in /lib64/libc.so.6)
frame #7: <unknown function> + 0x10ec40 (0x15490430ec40 in /lib64/libc.so.6)

[rank2]:[E521 14:47:53.925835172 ProcessGroupNCCL.cpp:1515] [PG 0 (default_pg) Rank 2] Process group watchdog thread terminated with exception: [Rank 2] Watchdog caught collective operation timeout: WorkNCCL(SeqNum=101483, OpType=ALLREDUCE, NumelIn=287076, NumelOut=287076, Timeout(ms)=600000) ran for 600038 milliseconds before timing out.
Exception raised from checkTimeout at /lustre/fshomisc/sup/src/pub/anaconda-py3/2024.06/pytorch-gpu-2.4.0+py3.11.9+cuda-12.4/pytorch-2.4.0/torch/csrc/distributed/c10d/ProcessGroupNCCL.cpp:609 (most recent call first):
frame #0: c10::Error::Error(c10::SourceLocation, std::__cxx11::basic_string<char, std::char_traits<char>, std::allocator<char> >) + 0x98 (0x1522c094e538 in /lustre/fshomisc/sup/pub/anaconda-py3/h100/2024.06/envs/pytorch-gpu-2.4.0+py3.11.9/lib/python3.11/site-packages/torch/lib/libc10.so)
frame #1: <unknown function> + 0x1024d4e (0x1522c1a78d4e in /lustre/fshomisc/sup/pub/anaconda-py3/h100/2024.06/envs/pytorch-gpu-2.4.0+py3.11.9/lib/python3.11/site-packages/torch/lib/libtorch_cuda.so)
frame #2: c10d::ProcessGroupNCCL::WorkNCCL::checkTimeout(std::optional<std::chrono::duration<long, std::ratio<1l, 1000l> > >) + 0x1da (0x1522c1a46bda in /lustre/fshomisc/sup/pub/anaconda-py3/h100/2024.06/envs/pytorch-gpu-2.4.0+py3.11.9/lib/python3.11/site-packages/torch/lib/libtorch_cuda.so)
frame #3: c10d::ProcessGroupNCCL::watchdogHandler() + 0x1fb (0x1522c1a5004b in /lustre/fshomisc/sup/pub/anaconda-py3/h100/2024.06/envs/pytorch-gpu-2.4.0+py3.11.9/lib/python3.11/site-packages/torch/lib/libtorch_cuda.so)
frame #4: c10d::ProcessGroupNCCL::ncclCommWatchdog() + 0x10a (0x1522c1a51d0a in /lustre/fshomisc/sup/pub/anaconda-py3/h100/2024.06/envs/pytorch-gpu-2.4.0+py3.11.9/lib/python3.11/site-packages/torch/lib/libtorch_cuda.so)
frame #5: <unknown function> + 0xdbbf4 (0x1522da75cbf4 in /lustre/fshomisc/sup/pub/anaconda-py3/h100/2024.06/envs/pytorch-gpu-2.4.0+py3.11.9/bin/../lib/libstdc++.so.6)
frame #6: <unknown function> + 0x89c02 (0x1522e6e89c02 in /lib64/libc.so.6)
frame #7: <unknown function> + 0x10ec40 (0x1522e6f0ec40 in /lib64/libc.so.6)

[rank1]:[E521 14:47:53.925842341 ProcessGroupNCCL.cpp:1515] [PG 0 (default_pg) Rank 1] Process group watchdog thread terminated with exception: [Rank 1] Watchdog caught collective operation timeout: WorkNCCL(SeqNum=101483, OpType=ALLREDUCE, NumelIn=287076, NumelOut=287076, Timeout(ms)=600000) ran for 600074 milliseconds before timing out.
Exception raised from checkTimeout at /lustre/fshomisc/sup/src/pub/anaconda-py3/2024.06/pytorch-gpu-2.4.0+py3.11.9+cuda-12.4/pytorch-2.4.0/torch/csrc/distributed/c10d/ProcessGroupNCCL.cpp:609 (most recent call first):
frame #0: c10::Error::Error(c10::SourceLocation, std::__cxx11::basic_string<char, std::char_traits<char>, std::allocator<char> >) + 0x98 (0x14dfb0f2a538 in /lustre/fshomisc/sup/pub/anaconda-py3/h100/2024.06/envs/pytorch-gpu-2.4.0+py3.11.9/lib/python3.11/site-packages/torch/lib/libc10.so)
frame #1: <unknown function> + 0x1024d4e (0x14dfb2054d4e in /lustre/fshomisc/sup/pub/anaconda-py3/h100/2024.06/envs/pytorch-gpu-2.4.0+py3.11.9/lib/python3.11/site-packages/torch/lib/libtorch_cuda.so)
frame #2: c10d::ProcessGroupNCCL::WorkNCCL::checkTimeout(std::optional<std::chrono::duration<long, std::ratio<1l, 1000l> > >) + 0x1da (0x14dfb2022bda in /lustre/fshomisc/sup/pub/anaconda-py3/h100/2024.06/envs/pytorch-gpu-2.4.0+py3.11.9/lib/python3.11/site-packages/torch/lib/libtorch_cuda.so)
frame #3: c10d::ProcessGroupNCCL::watchdogHandler() + 0x1fb (0x14dfb202c04b in /lustre/fshomisc/sup/pub/anaconda-py3/h100/2024.06/envs/pytorch-gpu-2.4.0+py3.11.9/lib/python3.11/site-packages/torch/lib/libtorch_cuda.so)
frame #4: c10d::ProcessGroupNCCL::ncclCommWatchdog() + 0x10a (0x14dfb202dd0a in /lustre/fshomisc/sup/pub/anaconda-py3/h100/2024.06/envs/pytorch-gpu-2.4.0+py3.11.9/lib/python3.11/site-packages/torch/lib/libtorch_cuda.so)
frame #5: <unknown function> + 0xdbbf4 (0x14dfcad38bf4 in /lustre/fshomisc/sup/pub/anaconda-py3/h100/2024.06/envs/pytorch-gpu-2.4.0+py3.11.9/bin/../lib/libstdc++.so.6)
frame #6: <unknown function> + 0x89c02 (0x14dfd7489c02 in /lib64/libc.so.6)
frame #7: <unknown function> + 0x10ec40 (0x14dfd750ec40 in /lib64/libc.so.6)

E0521 14:48:12.167000 23411659074624 torch/distributed/elastic/multiprocessing/api.py:833] failed (exitcode: -6) local_rank: 1 (pid: 636825) of binary: /lustre/fshomisc/sup/pub/anaconda-py3/h100/2024.06/envs/pytorch-gpu-2.4.0+py3.11.9/bin/python
Traceback (most recent call last):
  File "/lustre/fshomisc/sup/pub/anaconda-py3/h100/2024.06/envs/pytorch-gpu-2.4.0+py3.11.9/bin/torchrun", line 33, in <module>
    sys.exit(load_entry_point('torch==2.4.0', 'console_scripts', 'torchrun')())
             ^^^^^^^^^^^^^^^^^^^^^^^^^^^^^^^^^^^^^^^^^^^^^^^^^^^^^^^^^^^^^^^^^
  File "/lustre/fshomisc/sup/pub/anaconda-py3/h100/2024.06/envs/pytorch-gpu-2.4.0+py3.11.9/lib/python3.11/site-packages/torch/distributed/elastic/multiprocessing/errors/__init__.py", line 348, in wrapper
    return f(*args, **kwargs)
           ^^^^^^^^^^^^^^^^^^
  File "/lustre/fshomisc/sup/pub/anaconda-py3/h100/2024.06/envs/pytorch-gpu-2.4.0+py3.11.9/lib/python3.11/site-packages/torch/distributed/run.py", line 901, in main
    run(args)
  File "/lustre/fshomisc/sup/pub/anaconda-py3/h100/2024.06/envs/pytorch-gpu-2.4.0+py3.11.9/lib/python3.11/site-packages/torch/distributed/run.py", line 892, in run
    elastic_launch(
  File "/lustre/fshomisc/sup/pub/anaconda-py3/h100/2024.06/envs/pytorch-gpu-2.4.0+py3.11.9/lib/python3.11/site-packages/torch/distributed/launcher/api.py", line 133, in __call__
    return launch_agent(self._config, self._entrypoint, list(args))
           ^^^^^^^^^^^^^^^^^^^^^^^^^^^^^^^^^^^^^^^^^^^^^^^^^^^^^^^^
  File "/lustre/fshomisc/sup/pub/anaconda-py3/h100/2024.06/envs/pytorch-gpu-2.4.0+py3.11.9/lib/python3.11/site-packages/torch/distributed/launcher/api.py", line 264, in launch_agent
    raise ChildFailedError(
torch.distributed.elastic.multiprocessing.errors.ChildFailedError: 
=======================================================
train.py FAILED
-------------------------------------------------------
Failures:
[1]:
  time      : 2025-05-21_14:48:12
  host      : jzxh050.hpc.idris.fr
  rank      : 2 (local_rank: 2)
  exitcode  : -6 (pid: 636826)
  error_file: <N/A>
  traceback : Signal 6 (SIGABRT) received by PID 636826
[2]:
  time      : 2025-05-21_14:48:12
  host      : jzxh050.hpc.idris.fr
  rank      : 3 (local_rank: 3)
  exitcode  : -6 (pid: 636827)
  error_file: <N/A>
  traceback : Signal 6 (SIGABRT) received by PID 636827
-------------------------------------------------------
Root Cause (first observed failure):
[0]:
  time      : 2025-05-21_14:48:12
  host      : jzxh050.hpc.idris.fr
  rank      : 1 (local_rank: 1)
  exitcode  : -6 (pid: 636825)
  error_file: <N/A>
  traceback : Signal 6 (SIGABRT) received by PID 636825
=======================================================
