Loading pytorch-gpu/py3/2.4.0
  Loading requirement: cuda/12.2.0 nccl/2.19.3-1-cuda cudnn/8.9.5.30-cuda
    gcc/10.1.0 openmpi/4.1.5-cuda intel-mkl/2020.4 magma/2.7.2-cuda sox/14.4.2
    hdf5/1.12.0-mpi-cuda libjpeg-turbo/2.1.3 ffmpeg/6.1.1
Note: switching to '810c5290b0ea11732b4ddb351d006d7b364649ea'.

You are in 'detached HEAD' state. You can look around, make experimental
changes and commit them, and you can discard any commits you make in this
state without impacting any branches by switching back to a branch.

If you want to create a new branch to retain commits you create, you may
do so (now or later) by using -c with the switch command. Example:

  git switch -c <new-branch-name>

Or undo this operation with:

  git switch -

Turn off this advice by setting config variable advice.detachedHead to false

HEAD is now at 810c529 Update on selected branches
W0522 10:46:00.959000 22946334153792 torch/distributed/run.py:779] 
W0522 10:46:00.959000 22946334153792 torch/distributed/run.py:779] *****************************************
W0522 10:46:00.959000 22946334153792 torch/distributed/run.py:779] Setting OMP_NUM_THREADS environment variable for each process to be 1 in default, to avoid your system being overloaded, please further tune the variable for optimal performance in your application as needed. 
W0522 10:46:00.959000 22946334153792 torch/distributed/run.py:779] *****************************************
/gpfslocalsup/pub/anaconda-py3/2024.06/envs/pytorch-gpu-2.4.0+py3.11.5/lib/python3.11/site-packages/sklearn/base.py:376: InconsistentVersionWarning: Trying to unpickle estimator RobustScaler from version 1.6.1 when using version 1.5.2. This might lead to breaking code or invalid results. Use at your own risk. For more info please refer to:
https://scikit-learn.org/stable/model_persistence.html#security-maintainability-limitations
  warnings.warn(
/gpfslocalsup/pub/anaconda-py3/2024.06/envs/pytorch-gpu-2.4.0+py3.11.5/lib/python3.11/site-packages/sklearn/base.py:376: InconsistentVersionWarning: Trying to unpickle estimator RobustScaler from version 1.6.1 when using version 1.5.2. This might lead to breaking code or invalid results. Use at your own risk. For more info please refer to:
https://scikit-learn.org/stable/model_persistence.html#security-maintainability-limitations
  warnings.warn(
/gpfslocalsup/pub/anaconda-py3/2024.06/envs/pytorch-gpu-2.4.0+py3.11.5/lib/python3.11/site-packages/sklearn/base.py:376: InconsistentVersionWarning: Trying to unpickle estimator RobustScaler from version 1.6.1 when using version 1.5.2. This might lead to breaking code or invalid results. Use at your own risk. For more info please refer to:
https://scikit-learn.org/stable/model_persistence.html#security-maintainability-limitations
  warnings.warn(
/gpfslocalsup/pub/anaconda-py3/2024.06/envs/pytorch-gpu-2.4.0+py3.11.5/lib/python3.11/site-packages/sklearn/base.py:376: InconsistentVersionWarning: Trying to unpickle estimator RobustScaler from version 1.6.1 when using version 1.5.2. This might lead to breaking code or invalid results. Use at your own risk. For more info please refer to:
https://scikit-learn.org/stable/model_persistence.html#security-maintainability-limitations
  warnings.warn(
/lustre/fswork/projects/rech/nxk/uvv78gt/project0/train.py:97: FutureWarning: You are using `torch.load` with `weights_only=False` (the current default value), which uses the default pickle module implicitly. It is possible to construct malicious pickle data which will execute arbitrary code during unpickling (See https://github.com/pytorch/pytorch/blob/main/SECURITY.md#untrusted-models for more details). In a future release, the default value for `weights_only` will be flipped to `True`. This limits the functions that could be executed during unpickling. Arbitrary objects will no longer be allowed to be loaded via this mode unless they are explicitly allowlisted by the user via `torch.serialization.add_safe_globals`. We recommend you start setting `weights_only=True` for any use case where you don't have full control of the loaded file. Please open an issue on GitHub for any issues related to this experimental feature.
  checkpoint = torch.load(checkpoint_path, map_location=map_location)
/lustre/fswork/projects/rech/nxk/uvv78gt/project0/train.py:97: FutureWarning: You are using `torch.load` with `weights_only=False` (the current default value), which uses the default pickle module implicitly. It is possible to construct malicious pickle data which will execute arbitrary code during unpickling (See https://github.com/pytorch/pytorch/blob/main/SECURITY.md#untrusted-models for more details). In a future release, the default value for `weights_only` will be flipped to `True`. This limits the functions that could be executed during unpickling. Arbitrary objects will no longer be allowed to be loaded via this mode unless they are explicitly allowlisted by the user via `torch.serialization.add_safe_globals`. We recommend you start setting `weights_only=True` for any use case where you don't have full control of the loaded file. Please open an issue on GitHub for any issues related to this experimental feature.
  checkpoint = torch.load(checkpoint_path, map_location=map_location)
/lustre/fswork/projects/rech/nxk/uvv78gt/project0/train.py:97: FutureWarning: You are using `torch.load` with `weights_only=False` (the current default value), which uses the default pickle module implicitly. It is possible to construct malicious pickle data which will execute arbitrary code during unpickling (See https://github.com/pytorch/pytorch/blob/main/SECURITY.md#untrusted-models for more details). In a future release, the default value for `weights_only` will be flipped to `True`. This limits the functions that could be executed during unpickling. Arbitrary objects will no longer be allowed to be loaded via this mode unless they are explicitly allowlisted by the user via `torch.serialization.add_safe_globals`. We recommend you start setting `weights_only=True` for any use case where you don't have full control of the loaded file. Please open an issue on GitHub for any issues related to this experimental feature.
  checkpoint = torch.load(checkpoint_path, map_location=map_location)
/lustre/fswork/projects/rech/nxk/uvv78gt/project0/train.py:97: FutureWarning: You are using `torch.load` with `weights_only=False` (the current default value), which uses the default pickle module implicitly. It is possible to construct malicious pickle data which will execute arbitrary code during unpickling (See https://github.com/pytorch/pytorch/blob/main/SECURITY.md#untrusted-models for more details). In a future release, the default value for `weights_only` will be flipped to `True`. This limits the functions that could be executed during unpickling. Arbitrary objects will no longer be allowed to be loaded via this mode unless they are explicitly allowlisted by the user via `torch.serialization.add_safe_globals`. We recommend you start setting `weights_only=True` for any use case where you don't have full control of the loaded file. Please open an issue on GitHub for any issues related to this experimental feature.
  checkpoint = torch.load(checkpoint_path, map_location=map_location)
[rank1]: Traceback (most recent call last):
[rank1]:   File "/lustre/fswork/projects/rech/nxk/uvv78gt/project0/train.py", line 127, in <module>
[rank1]:     pred_Z, mask_out = ddp_model(A, N=max_N, mask=mask)
[rank1]:                                       ^^^^^
[rank1]: NameError: name 'max_N' is not defined
[rank3]: Traceback (most recent call last):
[rank3]:   File "/lustre/fswork/projects/rech/nxk/uvv78gt/project0/train.py", line 127, in <module>
[rank3]:     pred_Z, mask_out = ddp_model(A, N=max_N, mask=mask)
[rank3]:                                       ^^^^^
[rank3]: NameError: name 'max_N' is not defined
[rank2]: Traceback (most recent call last):
[rank2]:   File "/lustre/fswork/projects/rech/nxk/uvv78gt/project0/train.py", line 127, in <module>
[rank2]:     pred_Z, mask_out = ddp_model(A, N=max_N, mask=mask)
[rank2]:                                       ^^^^^
[rank2]: NameError: name 'max_N' is not defined
[rank0]: Traceback (most recent call last):
[rank0]:   File "/lustre/fswork/projects/rech/nxk/uvv78gt/project0/train.py", line 127, in <module>
[rank0]:     pred_Z, mask_out = ddp_model(A, N=max_N, mask=mask)
[rank0]:                                       ^^^^^
[rank0]: NameError: name 'max_N' is not defined
W0522 10:46:19.313000 22946334153792 torch/distributed/elastic/multiprocessing/api.py:858] Sending process 761630 closing signal SIGTERM
W0522 10:46:19.313000 22946334153792 torch/distributed/elastic/multiprocessing/api.py:858] Sending process 761632 closing signal SIGTERM
W0522 10:46:19.313000 22946334153792 torch/distributed/elastic/multiprocessing/api.py:858] Sending process 761633 closing signal SIGTERM
E0522 10:46:19.591000 22946334153792 torch/distributed/elastic/multiprocessing/api.py:833] failed (exitcode: 1) local_rank: 1 (pid: 761631) of binary: /gpfslocalsup/pub/anaconda-py3/2024.06/envs/pytorch-gpu-2.4.0+py3.11.5/bin/python
Traceback (most recent call last):
  File "/gpfslocalsup/pub/anaconda-py3/2024.06/envs/pytorch-gpu-2.4.0+py3.11.5/bin/torchrun", line 33, in <module>
    sys.exit(load_entry_point('torch==2.4.0', 'console_scripts', 'torchrun')())
             ^^^^^^^^^^^^^^^^^^^^^^^^^^^^^^^^^^^^^^^^^^^^^^^^^^^^^^^^^^^^^^^^^
  File "/gpfslocalsup/pub/anaconda-py3/2024.06/envs/pytorch-gpu-2.4.0+py3.11.5/lib/python3.11/site-packages/torch/distributed/elastic/multiprocessing/errors/__init__.py", line 348, in wrapper
    return f(*args, **kwargs)
           ^^^^^^^^^^^^^^^^^^
  File "/gpfslocalsup/pub/anaconda-py3/2024.06/envs/pytorch-gpu-2.4.0+py3.11.5/lib/python3.11/site-packages/torch/distributed/run.py", line 901, in main
    run(args)
  File "/gpfslocalsup/pub/anaconda-py3/2024.06/envs/pytorch-gpu-2.4.0+py3.11.5/lib/python3.11/site-packages/torch/distributed/run.py", line 892, in run
    elastic_launch(
  File "/gpfslocalsup/pub/anaconda-py3/2024.06/envs/pytorch-gpu-2.4.0+py3.11.5/lib/python3.11/site-packages/torch/distributed/launcher/api.py", line 133, in __call__
    return launch_agent(self._config, self._entrypoint, list(args))
           ^^^^^^^^^^^^^^^^^^^^^^^^^^^^^^^^^^^^^^^^^^^^^^^^^^^^^^^^
  File "/gpfslocalsup/pub/anaconda-py3/2024.06/envs/pytorch-gpu-2.4.0+py3.11.5/lib/python3.11/site-packages/torch/distributed/launcher/api.py", line 264, in launch_agent
    raise ChildFailedError(
torch.distributed.elastic.multiprocessing.errors.ChildFailedError: 
============================================================
train.py FAILED
------------------------------------------------------------
Failures:
  <NO_OTHER_FAILURES>
------------------------------------------------------------
Root Cause (first observed failure):
[0]:
  time      : 2025-05-22_10:46:19
  host      : jean-zay-ia822-ib0
  rank      : 1 (local_rank: 1)
  exitcode  : 1 (pid: 761631)
  error_file: <N/A>
  traceback : To enable traceback see: https://pytorch.org/docs/stable/elastic/errors.html
============================================================
